// Jest Snapshot v1, https://goo.gl/fbAQLP

exports[`Nav should match snapshot 1`] = `
<div
  className="Nav"
>
  <NavLink
    exact={true}
    to="/"
  >
    <h3>
      BEAUTYBOX
    </h3>
  </NavLink>
  <div
    className="Nav-links"
  >
    <NavLink
      to="/collection"
    >
      YOUR COLLECTION
    </NavLink>
  </div>
</div>
`;
