// Jest Snapshot v1, https://goo.gl/fbAQLP

exports[`Category should match the snapshot 1`] = `
<Fragment>
  <div
    className="hero-div"
  >
    <img
      alt="woman smiling at the camera"
      src="hero_img_left.jpg"
    />
    <img
      alt="sunglasses and a record on a table"
      src="hero_image_4.jpg"
    />
    <div
      className="shop-div"
    >
      <h3>
        EXPLORE
      </h3>
      <h3>
        BEAUTY
      </h3>
      <Link
        to="/shopall"
      >
        <button>
          SHOP ALL
        </button>
      </Link>
    </div>
  </div>
  <div
    className="categories-div"
  >
    <div
      className="foundation-div"
    >
      <Link
        to="/products/foundations"
      >
        <a>
          FOUNDATION
        </a>
      </Link>
    </div>
    <div
      className="blush-div"
    >
      <Link
        to="/products/blushes"
      >
        <a>
          BLUSH
        </a>
      </Link>
    </div>
    <div
      className="mascara-div"
    >
      <Link
        to="/products/mascaras"
      >
        <a>
          MASCARA
        </a>
      </Link>
    </div>
    <div
      className="eyeshadow-div"
    >
      <Link
        to="/products/eyeshadows"
      >
        <a>
          EYESHADOW
        </a>
      </Link>
    </div>
    <div
      className="lipstick-div"
    >
      <Link
        to="/products/lipsticks"
      >
        <a>
          LIPSTICK
        </a>
      </Link>
    </div>
  </div>
</Fragment>
`;
